
> app@0.0.0 build:mock
> tsc -b && VITE_GENERATION_MODE=mock VITE_SEEDREAM_API_KEY= vite build && node scripts/github-pages-fallback.mjs

vite v8.2.0 building client environment for production...
[2Ktransforming...✓ 2109 modules transformed.
rendering chunks...
computing gzip size...
dist/index.html                                  0.57 kB │ gzip:   0.35 kB
dist/assets/CanvasPage-DLioOiRN.css             15.41 kB │ gzip:   2.56 kB
dist/assets/index-BE66th9A.css                 353.88 kB │ gzip:  53.37 kB
dist/assets/chevron-left-BDY3BVtp.js             0.11 kB │ gzip:   0.13 kB
dist/assets/arrow-left-CM_B6kMf.js               0.15 kB │ gzip:   0.15 kB
dist/assets/arrow-right-B151Q0W_.js              0.15 kB │ gzip:   0.15 kB
dist/assets/arrow-up-right-CXMEfTn7.js           0.15 kB │ gzip:   0.15 kB
dist/assets/search-DgbcDjs4.js                   0.16 kB │ gzip:   0.16 kB
dist/assets/bookmark-B2OES5TW.js                 0.21 kB │ gzip:   0.18 kB
dist/assets/copy-MqmDmqUl.js                     0.22 kB │ gzip:   0.20 kB
dist/assets/users-round-DZhatu_T.js              0.24 kB │ gzip:   0.21 kB
dist/assets/lock-keyhole-DG13bLBF.js             0.24 kB │ gzip:   0.21 kB
dist/assets/eye-DQHANFuN.js                      0.24 kB │ gzip:   0.19 kB
dist/assets/heart-6K9n77i_.js                    0.24 kB │ gzip:   0.20 kB
dist/assets/image-wz14xAan.js                    0.25 kB │ gzip:   0.21 kB
dist/assets/book-open-BkrGI5gc.js                0.27 kB │ gzip:   0.21 kB
dist/assets/send-Z6le6RTZ.js                     0.27 kB │ gzip:   0.22 kB
dist/assets/timeline-repository-fPGjvUO7.js      0.30 kB │ gzip:   0.18 kB
dist/assets/Button-DB2pQNWo.js                   0.31 kB │ gzip:   0.24 kB
dist/assets/play-CQLZKlDg.js                     0.33 kB │ gzip:   0.24 kB
dist/assets/film-DF3JUbPS.js                     0.39 kB │ gzip:   0.23 kB
dist/assets/calendar-days-DzHctkZR.js            0.48 kB │ gzip:   0.25 kB
dist/assets/wand-sparkles-LoXjk0xS.js            0.50 kB │ gzip:   0.28 kB
dist/assets/membership-repository-5eCqpRg0.js    1.82 kB │ gzip:   0.81 kB
dist/assets/community-repository-DIOy-kyG.js     1.94 kB │ gzip:   0.72 kB
dist/assets/PublishedWorkViewPage-ZSOMxRmF.js    2.20 kB │ gzip:   1.03 kB
dist/assets/TutorialCenterPage-ByVIa7m8.js       2.22 kB │ gzip:   0.97 kB
dist/assets/PublishedWorksPage-D0iKynXb.js       2.58 kB │ gzip:   1.15 kB
dist/assets/ChallengesPage-2m1sLqrf.js           3.32 kB │ gzip:   1.31 kB
dist/assets/TutorialDetailPage-D5csIM3W.js       3.45 kB │ gzip:   1.28 kB
dist/assets/demo-works-DmfbCKO6.js               5.35 kB │ gzip:   2.26 kB
dist/assets/CreationProcessPage-CYuoNTUb.js      5.40 kB │ gzip:   2.33 kB
dist/assets/tutorial-catalog-GbouyWCh.js         5.58 kB │ gzip:   2.59 kB
dist/assets/PreviewPlayer-CdP6UeO1.js            5.90 kB │ gzip:   2.25 kB
dist/assets/WorkDetailPage-RoazTO-x.js           6.01 kB │ gzip:   2.43 kB
dist/assets/MembershipPage-DMHkLbMB.js           6.13 kB │ gzip:   2.55 kB
dist/assets/timeline-project-DAFyCR62.js         6.32 kB │ gzip:   2.11 kB
dist/assets/ChallengeDetailPage-f1lm2F3h.js      7.79 kB │ gzip:   2.22 kB
dist/assets/HelpCenterPage-DDWV_0nK.js           7.80 kB │ gzip:   3.56 kB
dist/assets/jsx-runtime-Cltr0gcK.js              8.43 kB │ gzip:   3.21 kB
dist/assets/ProjectsPage-BiHgL5TG.js             9.34 kB │ gzip:   3.32 kB
dist/assets/timeline-export-D6AuPnhw.js         14.17 kB │ gzip:   5.08 kB
dist/assets/AgentsPage-CTHzYR4l.js              14.63 kB │ gzip:   5.59 kB
dist/assets/PreviewPage-te1Yz3BR.js             15.63 kB │ gzip:   5.67 kB
dist/assets/ProjectLauncherPage-CiS4hy5U.js     23.31 kB │ gzip:   7.88 kB
dist/assets/project-store-CU-E7Cx1.js           31.34 kB │ gzip:   9.44 kB
dist/assets/builtin-skills-XuUKVAZU.js          71.79 kB │ gzip:  23.24 kB
dist/assets/index-DSBzt3mP.js                  403.87 kB │ gzip: 130.62 kB
dist/assets/Director3DViewport-BevPAYKW.js     553.98 kB │ gzip: 139.41 kB
dist/assets/CanvasPage-DFhz1Jpm.js             612.36 kB │ gzip: 180.92 kB

✓ built in 273ms
[plugin builtin:vite-reporter] 
(!) Some chunks are larger than 500 kB after minification. Consider:
- Using dynamic import() to code-split the application
- Use build.rolldownOptions.output.codeSplitting to improve chunking: https://rolldown.rs/reference/OutputOptions.codeSplitting
- Adjust chunk size limit for this warning via build.chunkSizeWarningLimit.
