
> app@0.0.0 build:mock
> tsc -b && VITE_GENERATION_MODE=mock VITE_SEEDREAM_API_KEY= vite build && node scripts/github-pages-fallback.mjs

vite v8.2.0 building client environment for production...
[2Ktransforming...✓ 2157 modules transformed.
rendering chunks...
computing gzip size...
dist/index.html                                  0.57 kB │ gzip:   0.35 kB
dist/assets/subject-repository-D-hXHth1.css      2.55 kB │ gzip:   0.79 kB
dist/assets/CanvasPage-Cty8V7Gs.css             23.14 kB │ gzip:   4.25 kB
dist/assets/index-eOCPmwVE.css                 354.27 kB │ gzip:  53.46 kB
dist/assets/timeline-math-D1mNsfnL.js            0.11 kB │ gzip:   0.11 kB
dist/assets/chevron-left-iiKVYLy9.js             0.11 kB │ gzip:   0.13 kB
dist/assets/chevron-right-NRNGPc7D.js            0.11 kB │ gzip:   0.13 kB
dist/assets/arrow-left-CZTzJX7n.js               0.15 kB │ gzip:   0.15 kB
dist/assets/arrow-right-DG9rQtRY.js              0.15 kB │ gzip:   0.15 kB
dist/assets/arrow-up-right-Dga6y_3Z.js           0.15 kB │ gzip:   0.14 kB
dist/assets/search-CpqE6iEQ.js                   0.16 kB │ gzip:   0.16 kB
dist/assets/bookmark-DSgVIyxR.js                 0.21 kB │ gzip:   0.18 kB
dist/assets/copy-liPMhF7F.js                     0.22 kB │ gzip:   0.20 kB
dist/assets/users-round-Bj0kJC1a.js              0.24 kB │ gzip:   0.21 kB
dist/assets/lock-keyhole-Dc76IFDP.js             0.24 kB │ gzip:   0.21 kB
dist/assets/eye-CaIGQHHh.js                      0.24 kB │ gzip:   0.19 kB
dist/assets/heart-BTUX4NI0.js                    0.24 kB │ gzip:   0.20 kB
dist/assets/image-CkUc7XQQ.js                    0.25 kB │ gzip:   0.21 kB
dist/assets/book-open-BPOeT1Az.js                0.27 kB │ gzip:   0.21 kB
dist/assets/send-DhWG4G1p.js                     0.27 kB │ gzip:   0.22 kB
dist/assets/timeline-repository-fPGjvUO7.js      0.30 kB │ gzip:   0.18 kB
dist/assets/Button-Dh-Ddfhx.js                   0.31 kB │ gzip:   0.24 kB
dist/assets/play-K4fW_bhU.js                     0.33 kB │ gzip:   0.24 kB
dist/assets/film-CNeW7avn.js                     0.39 kB │ gzip:   0.23 kB
dist/assets/calendar-days-DqSgRKX0.js            0.48 kB │ gzip:   0.25 kB
dist/assets/wand-sparkles-QMcFxVaj.js            0.50 kB │ gzip:   0.28 kB
dist/assets/SubjectDetailsPage-Dj9GgPN5.js       1.02 kB │ gzip:   0.65 kB
dist/assets/membership-repository-5eCqpRg0.js    1.82 kB │ gzip:   0.81 kB
dist/assets/community-repository-DYnOEEqV.js     1.94 kB │ gzip:   0.72 kB
dist/assets/PublishedWorkViewPage-DEU7R2wP.js    2.20 kB │ gzip:   1.03 kB
dist/assets/TutorialCenterPage-CgrEQMkd.js       2.22 kB │ gzip:   0.97 kB
dist/assets/PublishedWorksPage-BFl3gMT6.js       2.58 kB │ gzip:   1.15 kB
dist/assets/ChallengesPage-DGyteaS1.js           3.32 kB │ gzip:   1.31 kB
dist/assets/TutorialDetailPage-xbGlmWqt.js       3.45 kB │ gzip:   1.28 kB
dist/assets/subject-consistency-D1npA622.js      3.82 kB │ gzip:   1.73 kB
dist/assets/demo-works-DzCmNLtJ.js               5.35 kB │ gzip:   2.26 kB
dist/assets/CreationProcessPage-BuldVdKy.js      5.40 kB │ gzip:   2.33 kB
dist/assets/tutorial-catalog-GbouyWCh.js         5.58 kB │ gzip:   2.59 kB
dist/assets/PreviewPlayer-BYE5b9gq.js            5.89 kB │ gzip:   2.25 kB
dist/assets/WorkDetailPage-xKFszSpE.js           6.01 kB │ gzip:   2.43 kB
dist/assets/MembershipPage-CBHtufa5.js           6.12 kB │ gzip:   2.55 kB
dist/assets/timeline-project-BB2d3HPm.js         6.26 kB │ gzip:   2.14 kB
dist/assets/ChallengeDetailPage-MkLZyap7.js      7.79 kB │ gzip:   2.22 kB
dist/assets/HelpCenterPage-DyEZt7Ev.js           7.80 kB │ gzip:   3.56 kB
dist/assets/subject-repository-Vedt1jr6.js       8.32 kB │ gzip:   3.35 kB
dist/assets/script-workflow-uRzOrCKL.js          8.42 kB │ gzip:   3.53 kB
dist/assets/jsx-runtime-Cltr0gcK.js              8.43 kB │ gzip:   3.21 kB
dist/assets/ProjectsPage-DAEiGL2q.js             9.34 kB │ gzip:   3.32 kB
dist/assets/browser-download-BBuaK0lM.js        11.82 kB │ gzip:   4.11 kB
dist/assets/AgentsPage-BO0xl45m.js              14.63 kB │ gzip:   5.58 kB
dist/assets/PreviewPage-CT-FZU4T.js             17.50 kB │ gzip:   6.47 kB
dist/assets/ProjectLauncherPage-DJAy50Uf.js     23.35 kB │ gzip:   7.89 kB
dist/assets/project-store-DKpAyxpL.js           33.00 kB │ gzip:   9.85 kB
dist/assets/builtin-skills-CppgZKN-.js          77.58 kB │ gzip:  25.81 kB
dist/assets/index-B1vteTzr.js                  408.73 kB │ gzip: 132.30 kB
dist/assets/Director3DViewport-DQ9Ybye0.js     553.98 kB │ gzip: 139.41 kB
dist/assets/CanvasPage-BB6_dpW2.js             661.62 kB │ gzip: 197.74 kB

✓ built in 270ms
[plugin builtin:vite-reporter]
(!) Some chunks are larger than 500 kB after minification. Consider:
- Using dynamic import() to code-split the application
- Use build.rolldownOptions.output.codeSplitting to improve chunking: https://rolldown.rs/reference/OutputOptions.codeSplitting
- Adjust chunk size limit for this warning via build.chunkSizeWarningLimit.
