
> app@0.0.0 build:mock
> tsc -b && VITE_GENERATION_MODE=mock VITE_SEEDREAM_API_KEY= vite build && node scripts/github-pages-fallback.mjs

vite v8.2.0 building client environment for production...
[2Ktransforming...✓ 2114 modules transformed.
rendering chunks...
computing gzip size...
dist/index.html                                  0.57 kB │ gzip:   0.35 kB
dist/assets/CanvasPage-DLioOiRN.css             15.41 kB │ gzip:   2.56 kB
dist/assets/index-eOCPmwVE.css                 354.27 kB │ gzip:  53.46 kB
dist/assets/chevron-left-CxoggoC6.js             0.11 kB │ gzip:   0.13 kB
dist/assets/arrow-left-DESHdVsz.js               0.15 kB │ gzip:   0.15 kB
dist/assets/arrow-right-D79Np8i1.js              0.15 kB │ gzip:   0.15 kB
dist/assets/arrow-up-right-Dp8UANPR.js           0.15 kB │ gzip:   0.15 kB
dist/assets/search-CRuoZ_SX.js                   0.16 kB │ gzip:   0.16 kB
dist/assets/bookmark-INl30zFF.js                 0.21 kB │ gzip:   0.18 kB
dist/assets/copy-BJhCH1Nl.js                     0.22 kB │ gzip:   0.20 kB
dist/assets/users-round-CwZvt3wS.js              0.24 kB │ gzip:   0.21 kB
dist/assets/lock-keyhole-DPWPDDBv.js             0.24 kB │ gzip:   0.21 kB
dist/assets/eye-tEczL7QV.js                      0.24 kB │ gzip:   0.19 kB
dist/assets/heart-zTPVdfta.js                    0.24 kB │ gzip:   0.20 kB
dist/assets/image-D00bPi3G.js                    0.25 kB │ gzip:   0.21 kB
dist/assets/book-open-BBiPtUzE.js                0.27 kB │ gzip:   0.21 kB
dist/assets/send-D2vJfTMc.js                     0.27 kB │ gzip:   0.22 kB
dist/assets/timeline-repository-fPGjvUO7.js      0.30 kB │ gzip:   0.18 kB
dist/assets/Button-D-b1XUyB.js                   0.31 kB │ gzip:   0.24 kB
dist/assets/play-BZ-UJvzf.js                     0.33 kB │ gzip:   0.24 kB
dist/assets/film-BlvZBglD.js                     0.39 kB │ gzip:   0.23 kB
dist/assets/calendar-days-C6SxXHIO.js            0.48 kB │ gzip:   0.25 kB
dist/assets/wand-sparkles-BX1UmzAA.js            0.50 kB │ gzip:   0.28 kB
dist/assets/task-status-B5wD3qhP.js              0.61 kB │ gzip:   0.28 kB
dist/assets/membership-repository-5eCqpRg0.js    1.82 kB │ gzip:   0.81 kB
dist/assets/community-repository-B2ctDfN7.js     1.94 kB │ gzip:   0.72 kB
dist/assets/PublishedWorkViewPage-DeypU1ED.js    2.20 kB │ gzip:   1.03 kB
dist/assets/TutorialCenterPage-vN-F5tED.js       2.22 kB │ gzip:   0.97 kB
dist/assets/PublishedWorksPage-CANaijM_.js       2.58 kB │ gzip:   1.15 kB
dist/assets/ChallengesPage-AIKVKjpU.js           3.32 kB │ gzip:   1.31 kB
dist/assets/TutorialDetailPage-C1u_WgiF.js       3.45 kB │ gzip:   1.28 kB
dist/assets/demo-works-B1amy21w.js               5.35 kB │ gzip:   2.26 kB
dist/assets/CreationProcessPage-SXXEqGuV.js      5.40 kB │ gzip:   2.33 kB
dist/assets/tutorial-catalog-GbouyWCh.js         5.58 kB │ gzip:   2.59 kB
dist/assets/PreviewPlayer-OwQBwLIz.js            5.90 kB │ gzip:   2.25 kB
dist/assets/WorkDetailPage-BqENO3hd.js           6.01 kB │ gzip:   2.43 kB
dist/assets/MembershipPage-O-RpXszv.js           6.12 kB │ gzip:   2.55 kB
dist/assets/timeline-project-DAFyCR62.js         6.32 kB │ gzip:   2.11 kB
dist/assets/ChallengeDetailPage-3gfjBOAL.js      7.79 kB │ gzip:   2.22 kB
dist/assets/HelpCenterPage-2CuHtxww.js           7.80 kB │ gzip:   3.56 kB
dist/assets/jsx-runtime-Cltr0gcK.js              8.43 kB │ gzip:   3.21 kB
dist/assets/ProjectsPage-wzzNj2Jm.js             9.34 kB │ gzip:   3.32 kB
dist/assets/timeline-export-MDE_oZmr.js         13.65 kB │ gzip:   4.94 kB
dist/assets/AgentsPage-CYx0KTyL.js              14.63 kB │ gzip:   5.59 kB
dist/assets/PreviewPage-BBJ5O6cZ.js             15.63 kB │ gzip:   5.67 kB
dist/assets/ProjectLauncherPage-DVLk-7c5.js     23.31 kB │ gzip:   7.88 kB
dist/assets/project-store-DzZL12cO.js           31.33 kB │ gzip:   9.45 kB
dist/assets/builtin-skills-BT3DK585.js          73.23 kB │ gzip:  24.19 kB
dist/assets/index-BrcW2hN6.js                  405.55 kB │ gzip: 131.30 kB
dist/assets/Director3DViewport-BIcnALUI.js     553.98 kB │ gzip: 139.41 kB
dist/assets/CanvasPage-BEKT9REW.js             612.16 kB │ gzip: 180.86 kB

✓ built in 273ms
[plugin builtin:vite-reporter] 
(!) Some chunks are larger than 500 kB after minification. Consider:
- Using dynamic import() to code-split the application
- Use build.rolldownOptions.output.codeSplitting to improve chunking: https://rolldown.rs/reference/OutputOptions.codeSplitting
- Adjust chunk size limit for this warning via build.chunkSizeWarningLimit.
