
> app@0.0.0 build:mock
> tsc -b && VITE_GENERATION_MODE=mock VITE_SEEDREAM_API_KEY= vite build && node scripts/github-pages-fallback.mjs

vite v8.2.0 building client environment for production...
[2Ktransforming...✓ 2150 modules transformed.
rendering chunks...
computing gzip size...
dist/index.html                                  0.57 kB │ gzip:   0.35 kB
dist/assets/subject-repository-D-hXHth1.css      2.55 kB │ gzip:   0.79 kB
dist/assets/CanvasPage-fdyhA0j3.css             20.01 kB │ gzip:   3.71 kB
dist/assets/index-eOCPmwVE.css                 354.27 kB │ gzip:  53.46 kB
dist/assets/timeline-math-D1mNsfnL.js            0.11 kB │ gzip:   0.11 kB
dist/assets/chevron-left-CGNgBqf0.js             0.11 kB │ gzip:   0.13 kB
dist/assets/chevron-right-DyEMs3Rq.js            0.11 kB │ gzip:   0.13 kB
dist/assets/arrow-left-DyqAUYAi.js               0.15 kB │ gzip:   0.15 kB
dist/assets/arrow-right-DlLmgRUl.js              0.15 kB │ gzip:   0.15 kB
dist/assets/arrow-up-right-I9RPMaN4.js           0.15 kB │ gzip:   0.15 kB
dist/assets/search-0xD1zB-c.js                   0.16 kB │ gzip:   0.16 kB
dist/assets/bookmark-DJTMgTwx.js                 0.21 kB │ gzip:   0.19 kB
dist/assets/copy-DYnjBP8J.js                     0.22 kB │ gzip:   0.20 kB
dist/assets/users-round-CziFIdwR.js              0.24 kB │ gzip:   0.21 kB
dist/assets/lock-keyhole-C-DSqKfi.js             0.24 kB │ gzip:   0.21 kB
dist/assets/eye-CZRK29bh.js                      0.24 kB │ gzip:   0.19 kB
dist/assets/heart-DTgQSwZ1.js                    0.24 kB │ gzip:   0.21 kB
dist/assets/image-Bausf2_B.js                    0.25 kB │ gzip:   0.21 kB
dist/assets/book-open-D1porBqJ.js                0.27 kB │ gzip:   0.21 kB
dist/assets/send-xN7BKMQ3.js                     0.27 kB │ gzip:   0.22 kB
dist/assets/timeline-repository-fPGjvUO7.js      0.30 kB │ gzip:   0.18 kB
dist/assets/Button-Cb1lBmIr.js                   0.31 kB │ gzip:   0.24 kB
dist/assets/play-BpLexSQB.js                     0.33 kB │ gzip:   0.24 kB
dist/assets/film-BtKAuMjh.js                     0.39 kB │ gzip:   0.23 kB
dist/assets/calendar-days-D1fPYj1Z.js            0.48 kB │ gzip:   0.26 kB
dist/assets/wand-sparkles-CBaEesnm.js            0.50 kB │ gzip:   0.28 kB
dist/assets/SubjectDetailsPage-CNCPnWl7.js       1.02 kB │ gzip:   0.65 kB
dist/assets/membership-repository-5eCqpRg0.js    1.82 kB │ gzip:   0.81 kB
dist/assets/community-repository-Bwe1Cq34.js     1.94 kB │ gzip:   0.72 kB
dist/assets/PublishedWorkViewPage-CJwVAmBo.js    2.20 kB │ gzip:   1.03 kB
dist/assets/TutorialCenterPage-CGqSXtFb.js       2.22 kB │ gzip:   0.97 kB
dist/assets/PublishedWorksPage-BiBXXePE.js       2.58 kB │ gzip:   1.15 kB
dist/assets/ChallengesPage-BSlcdvVK.js           3.32 kB │ gzip:   1.31 kB
dist/assets/TutorialDetailPage-DsdVYavU.js       3.45 kB │ gzip:   1.28 kB
dist/assets/subject-consistency-NnmgsN_V.js      3.70 kB │ gzip:   1.66 kB
dist/assets/demo-works-APlZ1ma9.js               5.35 kB │ gzip:   2.26 kB
dist/assets/CreationProcessPage-BZStEEw9.js      5.40 kB │ gzip:   2.33 kB
dist/assets/tutorial-catalog-GbouyWCh.js         5.58 kB │ gzip:   2.59 kB
dist/assets/PreviewPlayer-COildblr.js            5.89 kB │ gzip:   2.25 kB
dist/assets/WorkDetailPage-CxAPRI6h.js           6.01 kB │ gzip:   2.43 kB
dist/assets/MembershipPage-D_Eh0DVM.js           6.12 kB │ gzip:   2.55 kB
dist/assets/timeline-project-BB2d3HPm.js         6.26 kB │ gzip:   2.14 kB
dist/assets/ChallengeDetailPage-BSfZUG8S.js      7.79 kB │ gzip:   2.22 kB
dist/assets/HelpCenterPage-BFqWDPn2.js           7.80 kB │ gzip:   3.55 kB
dist/assets/subject-repository-C--PiF4v.js       8.32 kB │ gzip:   3.35 kB
dist/assets/script-workflow-Cy-Isvab.js          8.42 kB │ gzip:   3.53 kB
dist/assets/jsx-runtime-Cltr0gcK.js              8.43 kB │ gzip:   3.21 kB
dist/assets/ProjectsPage-By1YCAZt.js             9.34 kB │ gzip:   3.32 kB
dist/assets/browser-download-X82SISDw.js        11.82 kB │ gzip:   4.11 kB
dist/assets/AgentsPage-LurIPO09.js              14.63 kB │ gzip:   5.58 kB
dist/assets/PreviewPage-WFuAKpsX.js             17.50 kB │ gzip:   6.47 kB
dist/assets/ProjectLauncherPage-CzMxvdyA.js     23.35 kB │ gzip:   7.89 kB
dist/assets/project-store-B-r7MJkt.js           31.89 kB │ gzip:   9.56 kB
dist/assets/builtin-skills-I0NnmWon.js          75.80 kB │ gzip:  25.19 kB
dist/assets/index-D2ocVPHT.js                  408.61 kB │ gzip: 132.25 kB
dist/assets/Director3DViewport-CoAus9Xs.js     553.98 kB │ gzip: 139.41 kB
dist/assets/CanvasPage-BmIHGExX.js             643.91 kB │ gzip: 192.18 kB

✓ built in 388ms
[plugin builtin:vite-reporter]
(!) Some chunks are larger than 500 kB after minification. Consider:
- Using dynamic import() to code-split the application
- Use build.rolldownOptions.output.codeSplitting to improve chunking: https://rolldown.rs/reference/OutputOptions.codeSplitting
- Adjust chunk size limit for this warning via build.chunkSizeWarningLimit.
