
> app@0.0.0 build:mock
> tsc -b && VITE_GENERATION_MODE=mock VITE_SEEDREAM_API_KEY= VITE_ARK_TTS_API_KEY= VITE_KLING_API_KEY= VITE_BACKEND_URL= VITE_BACKEND_INVITE_CODE= VITE_CODE_KEY= vite build && node scripts/verify-public-artifact.mjs && node scripts/github-pages-fallback.mjs

vite v8.2.0 building client environment for production...
transforming...✓ 2283 modules transformed.
rendering chunks...
computing gzip size...
dist/index.html                                               0.76 kB │ gzip:   0.40 kB
dist/assets/SubjectDetails-D-hXHth1.css                       2.55 kB │ gzip:   0.79 kB
dist/assets/dubbing-workbench-repository-CJWM45dk.css         6.54 kB │ gzip:   2.05 kB
dist/assets/CanvasPage-CBnGzVlA.css                          28.74 kB │ gzip:   5.11 kB
dist/assets/index-wOPWzpu7.css                              367.11 kB │ gzip:  55.50 kB
dist/assets/timeline-math-D1mNsfnL.js                         0.11 kB │ gzip:   0.11 kB
dist/assets/chevron-left-s9HOZvq1.js                          0.11 kB │ gzip:   0.13 kB
dist/assets/chevron-right-2dqq-lWK.js                         0.11 kB │ gzip:   0.13 kB
dist/assets/arrow-left-BVPoLndD.js                            0.15 kB │ gzip:   0.15 kB
dist/assets/arrow-right-C4lvH6Ra.js                           0.15 kB │ gzip:   0.15 kB
dist/assets/arrow-up-right-DSuxaHgJ.js                        0.15 kB │ gzip:   0.15 kB
dist/assets/search-BBkfBhTq.js                                0.16 kB │ gzip:   0.16 kB
dist/assets/bookmark-C7tzZGS_.js                              0.21 kB │ gzip:   0.18 kB
dist/assets/copy-ChDrZMt7.js                                  0.22 kB │ gzip:   0.19 kB
dist/assets/users-round-BEQVAyyk.js                           0.24 kB │ gzip:   0.21 kB
dist/assets/lock-keyhole-Cb0GLI9U.js                          0.24 kB │ gzip:   0.21 kB
dist/assets/heart-PF5mlJSA.js                                 0.24 kB │ gzip:   0.20 kB
dist/assets/image-uU7sgy16.js                                 0.25 kB │ gzip:   0.21 kB
dist/assets/book-open-SBfyZ74_.js                             0.27 kB │ gzip:   0.21 kB
dist/assets/send-BedfvK1R.js                                  0.27 kB │ gzip:   0.22 kB
dist/assets/timeline-repository-fPGjvUO7.js                   0.30 kB │ gzip:   0.18 kB
dist/assets/shield-check-a6KAg9T_.js                          0.30 kB │ gzip:   0.24 kB
dist/assets/play-Cm14tQvi.js                                  0.33 kB │ gzip:   0.24 kB
dist/assets/Button-DjUBh9Hh.js                                0.35 kB │ gzip:   0.26 kB
dist/assets/film-BcG_imX5.js                                  0.39 kB │ gzip:   0.23 kB
dist/assets/browser-download-2yoDFZGm.js                      0.45 kB │ gzip:   0.27 kB
dist/assets/calendar-days-zZbg9QmW.js                         0.48 kB │ gzip:   0.25 kB
dist/assets/wand-sparkles-BSM1APGO.js                         0.50 kB │ gzip:   0.28 kB
dist/assets/rolldown-runtime-CbXtAM7H.js                      0.58 kB │ gzip:   0.36 kB
dist/assets/SubjectDetailsPage-DIDVyGI9.js                    1.06 kB │ gzip:   0.67 kB
dist/assets/ConfirmDialog-CeboACrh.js                         1.20 kB │ gzip:   0.67 kB
dist/assets/membership-repository-5eCqpRg0.js                 1.82 kB │ gzip:   0.81 kB
dist/assets/TutorialCenterPage-2dwf9rlO.js                    2.22 kB │ gzip:   0.98 kB
dist/assets/community-repository-DxFy06pi.js                  2.29 kB │ gzip:   0.89 kB
dist/assets/ChallengesPage-D0s7mc7a.js                        3.36 kB │ gzip:   1.33 kB
dist/assets/TutorialDetailPage-BCw96g7T.js                    3.45 kB │ gzip:   1.29 kB
dist/assets/CloudLoginPage-D0X3MJ49.js                        3.59 kB │ gzip:   1.44 kB
dist/assets/subject-consistency-D1npA622.js                   3.82 kB │ gzip:   1.73 kB
dist/assets/style-model-BLsNT97W.js                           3.87 kB │ gzip:   1.74 kB
dist/assets/WorkPortfolioCard-Da2Yvo36.js                     4.71 kB │ gzip:   2.10 kB
dist/assets/audio-voice-catalog-zb-6tEXy.js                   5.17 kB │ gzip:   2.32 kB
dist/assets/CreationProcessPage-Cxn-OprN.js                   5.41 kB │ gzip:   2.33 kB
dist/assets/demo-works-D15AkU9j.js                            5.43 kB │ gzip:   2.30 kB
dist/assets/tutorial-catalog-BcDWicbK.js                      5.66 kB │ gzip:   2.61 kB
dist/assets/PublishedWorksPage-DQbB48e3.js                    5.70 kB │ gzip:   2.22 kB
dist/assets/generation-errors-DnRfLdhH.js                     5.83 kB │ gzip:   2.54 kB
dist/assets/WorkDetailPage-Df1dtIhz.js                        6.02 kB │ gzip:   2.43 kB
dist/assets/MembershipPage-ByjW_Acx.js                        6.17 kB │ gzip:   2.57 kB
dist/assets/cloud-storage-_TuPAC4W.js                         6.70 kB │ gzip:   2.47 kB
dist/assets/PreviewPlayer-hT-0_Q6M.js                         6.71 kB │ gzip:   2.74 kB
dist/assets/SubjectDetails-DGEa1VMU.js                        7.37 kB │ gzip:   2.93 kB
dist/assets/ChallengeDetailPage-CovhVp7w.js                   7.79 kB │ gzip:   2.22 kB
dist/assets/jsx-runtime-CIHwb6Jn.js                           7.89 kB │ gzip:   2.99 kB
dist/assets/PublishedWorkViewPage-CQFI6tRC.js                 8.89 kB │ gzip:   3.75 kB
dist/assets/HelpCenterPage-DAEzPZZF.js                        9.77 kB │ gzip:   4.41 kB
dist/assets/timeline-project-D9q_Lif6.js                     10.17 kB │ gzip:   3.59 kB
dist/assets/ProjectsPage-H12TZIN0.js                         11.06 kB │ gzip:   3.96 kB
dist/assets/indexeddb-asset-library-repository-CD-3ifyh.js   11.42 kB │ gzip:   3.94 kB
dist/assets/AgentsPage-D7ZMZlDZ.js                           14.67 kB │ gzip:   5.60 kB
dist/assets/canvas-workflow-export-CIBkf4cq.js               23.41 kB │ gzip:   9.32 kB
dist/assets/ProjectLauncherPage-DOo1-8VI.js                  23.42 kB │ gzip:   7.94 kB
dist/assets/DubbingWorkbenchPage-B_Cqx_Yv.js                 25.23 kB │ gzip:   7.89 kB
dist/assets/dubbing-workbench-repository-BV9LIzml.js         29.16 kB │ gzip:  11.72 kB
dist/assets/PreviewPage-DZdotsLX.js                          34.68 kB │ gzip:  12.12 kB
dist/assets/project-store-D4X4isBr.js                        35.95 kB │ gzip:  10.44 kB
dist/assets/builtin-skills-CbdkCi2W.js                       74.46 kB │ gzip:  25.09 kB
dist/assets/src-D8uekRiy.js                                 171.35 kB │ gzip:  42.85 kB
dist/assets/index-BrCHHF4Z.js                               415.62 kB │ gzip: 134.73 kB
dist/assets/Director3DViewport-B6zHsvY6.js                  565.40 kB │ gzip: 143.35 kB
dist/assets/CanvasPage-BuuobvpZ.js                          695.35 kB │ gzip: 206.85 kB

✓ built in 745ms
[plugin builtin:vite-reporter]
(!) Some chunks are larger than 500 kB after minification. Consider:
- Using dynamic import() to code-split the application
- Use build.rolldownOptions.output.codeSplitting to improve chunking: https://rolldown.rs/reference/OutputOptions.codeSplitting
- Adjust chunk size limit for this warning via build.chunkSizeWarningLimit.
[public-artifact] checked 72 text assets; no sensitive client configuration found
