
> app@0.0.0 build:mock
> tsc -b && VITE_GENERATION_MODE=mock VITE_SEEDREAM_API_KEY= vite build && node scripts/github-pages-fallback.mjs

vite v8.2.0 building client environment for production...
[2Ktransforming...✓ 2243 modules transformed.
rendering chunks...
computing gzip size...
dist/index.html                                  0.66 kB │ gzip:   0.37 kB
dist/assets/subject-repository-D-hXHth1.css      2.55 kB │ gzip:   0.79 kB
dist/assets/CanvasPage-sAdejObn.css             26.37 kB │ gzip:   4.73 kB
dist/assets/index-Cc3UINJk.css                 357.97 kB │ gzip:  53.97 kB
dist/assets/timeline-math-D1mNsfnL.js            0.11 kB │ gzip:   0.11 kB
dist/assets/chevron-left-CEfz3cGF.js             0.11 kB │ gzip:   0.13 kB
dist/assets/chevron-right-Bfp_ytrt.js            0.11 kB │ gzip:   0.13 kB
dist/assets/arrow-left-Bkoz5Jlk.js               0.15 kB │ gzip:   0.15 kB
dist/assets/arrow-right-DFh4FakY.js              0.15 kB │ gzip:   0.15 kB
dist/assets/arrow-up-right-B6afXAra.js           0.15 kB │ gzip:   0.14 kB
dist/assets/search-C8FtSc-N.js                   0.16 kB │ gzip:   0.15 kB
dist/assets/bookmark-my0ZJIJA.js                 0.21 kB │ gzip:   0.18 kB
dist/assets/copy-C5s6iPPm.js                     0.22 kB │ gzip:   0.19 kB
dist/assets/users-round-BCUm2BBM.js              0.24 kB │ gzip:   0.20 kB
dist/assets/lock-keyhole-OyROOc8S.js             0.24 kB │ gzip:   0.21 kB
dist/assets/eye-B5tMyEvX.js                      0.24 kB │ gzip:   0.19 kB
dist/assets/heart-CQZVYtBI.js                    0.24 kB │ gzip:   0.20 kB
dist/assets/image-0EmPZ6Cc.js                    0.25 kB │ gzip:   0.21 kB
dist/assets/book-open-B5HetArZ.js                0.27 kB │ gzip:   0.21 kB
dist/assets/send-CQbqkwT-.js                     0.27 kB │ gzip:   0.21 kB
dist/assets/timeline-repository-fPGjvUO7.js      0.30 kB │ gzip:   0.18 kB
dist/assets/play-DUTz3X7G.js                     0.33 kB │ gzip:   0.24 kB
dist/assets/Button-DUOnyxKV.js                   0.35 kB │ gzip:   0.26 kB
dist/assets/film-BVK1y2qe.js                     0.39 kB │ gzip:   0.23 kB
dist/assets/calendar-days-fV4ZEBVP.js            0.48 kB │ gzip:   0.25 kB
dist/assets/wand-sparkles-D2cwPCOX.js            0.50 kB │ gzip:   0.28 kB
dist/assets/rolldown-runtime-CbXtAM7H.js         0.58 kB │ gzip:   0.36 kB
dist/assets/SubjectDetailsPage-CMkAZ2Ao.js       1.06 kB │ gzip:   0.67 kB
dist/assets/membership-repository-5eCqpRg0.js    1.82 kB │ gzip:   0.81 kB
dist/assets/community-repository-2jNMUPv9.js     1.94 kB │ gzip:   0.72 kB
dist/assets/TutorialCenterPage-ChjHhLWq.js       2.22 kB │ gzip:   0.97 kB
dist/assets/PublishedWorkViewPage-BriZoRlz.js    2.24 kB │ gzip:   1.05 kB
dist/assets/PublishedWorksPage-BCvnUrT2.js       2.62 kB │ gzip:   1.17 kB
dist/assets/ChallengesPage-QBBzgMem.js           3.36 kB │ gzip:   1.32 kB
dist/assets/TutorialDetailPage-COdXGuuh.js       3.45 kB │ gzip:   1.29 kB
dist/assets/subject-consistency-D1npA622.js      3.82 kB │ gzip:   1.73 kB
dist/assets/demo-works-Cyycw9U-.js               5.35 kB │ gzip:   2.26 kB
dist/assets/CreationProcessPage-CU2D5P8Z.js      5.45 kB │ gzip:   2.34 kB
dist/assets/tutorial-catalog-GbouyWCh.js         5.58 kB │ gzip:   2.59 kB
dist/assets/WorkDetailPage-I2EHyMVi.js           6.06 kB │ gzip:   2.45 kB
dist/assets/MembershipPage-DW05BYuV.js           6.17 kB │ gzip:   2.56 kB
dist/assets/PreviewPlayer-gBLE_Gao.js            6.71 kB │ gzip:   2.74 kB
dist/assets/ChallengeDetailPage-DKe_5dnN.js      7.79 kB │ gzip:   2.22 kB
dist/assets/HelpCenterPage-DG1KZi2C.js           7.85 kB │ gzip:   3.58 kB
dist/assets/jsx-runtime-CIHwb6Jn.js              7.89 kB │ gzip:   2.99 kB
dist/assets/subject-repository-DnJkvefT.js       8.36 kB │ gzip:   3.37 kB
dist/assets/audio-voice-catalog-D8hCYB8p.js      9.01 kB │ gzip:   3.81 kB
dist/assets/ProjectsPage-CW8yDpSa.js             9.38 kB │ gzip:   3.33 kB
dist/assets/timeline-project-D9q_Lif6.js        10.17 kB │ gzip:   3.59 kB
dist/assets/browser-download-CSycvEsq.js        11.86 kB │ gzip:   4.13 kB
dist/assets/AgentsPage-BRKabWfa.js              14.67 kB │ gzip:   5.60 kB
dist/assets/ProjectLauncherPage-gINXbjjq.js     23.40 kB │ gzip:   7.90 kB
dist/assets/PreviewPage-rUrmSkMb.js             34.63 kB │ gzip:  12.09 kB
dist/assets/project-store-DUK2AEHS.js           35.19 kB │ gzip:  10.32 kB
dist/assets/builtin-skills-DZ7y0W1K.js          78.53 kB │ gzip:  26.18 kB
dist/assets/src-D8uekRiy.js                    171.35 kB │ gzip:  42.85 kB
dist/assets/index-CCicohe8.js                  408.96 kB │ gzip: 132.37 kB
dist/assets/Director3DViewport-Cct4nniC.js     565.40 kB │ gzip: 143.35 kB
dist/assets/CanvasPage-CCr9zvDZ.js             675.90 kB │ gzip: 202.42 kB

✓ built in 279ms
[plugin builtin:vite-reporter] 
(!) Some chunks are larger than 500 kB after minification. Consider:
- Using dynamic import() to code-split the application
- Use build.rolldownOptions.output.codeSplitting to improve chunking: https://rolldown.rs/reference/OutputOptions.codeSplitting
- Adjust chunk size limit for this warning via build.chunkSizeWarningLimit.
