
> app@0.0.0 build:mock
> tsc -b && VITE_GENERATION_MODE=mock VITE_SEEDREAM_API_KEY= vite build && node scripts/github-pages-fallback.mjs

vite v8.2.0 building client environment for production...
[2Ktransforming...✓ 2145 modules transformed.
rendering chunks...
computing gzip size...
dist/index.html                                  0.57 kB │ gzip:   0.35 kB
dist/assets/CanvasPage-fdyhA0j3.css             20.01 kB │ gzip:   3.71 kB
dist/assets/index-eOCPmwVE.css                 354.27 kB │ gzip:  53.46 kB
dist/assets/timeline-math-D1mNsfnL.js            0.11 kB │ gzip:   0.11 kB
dist/assets/chevron-left-rLSfur9s.js             0.11 kB │ gzip:   0.13 kB
dist/assets/arrow-left-BRdbdrM5.js               0.15 kB │ gzip:   0.15 kB
dist/assets/arrow-right-Cr20HgZt.js              0.15 kB │ gzip:   0.15 kB
dist/assets/arrow-up-right-IFAg9wNY.js           0.15 kB │ gzip:   0.15 kB
dist/assets/search-BLllu1Rx.js                   0.16 kB │ gzip:   0.16 kB
dist/assets/bookmark-D9nnN91N.js                 0.21 kB │ gzip:   0.18 kB
dist/assets/copy-DDPVEEEV.js                     0.22 kB │ gzip:   0.20 kB
dist/assets/users-round-DGaDq04C.js              0.24 kB │ gzip:   0.20 kB
dist/assets/lock-keyhole-BpqfECw0.js             0.24 kB │ gzip:   0.21 kB
dist/assets/eye-B6EyFEnA.js                      0.24 kB │ gzip:   0.19 kB
dist/assets/heart-BdbwcDco.js                    0.24 kB │ gzip:   0.20 kB
dist/assets/image-BFIMx_qX.js                    0.25 kB │ gzip:   0.21 kB
dist/assets/book-open-bqnVNOQx.js                0.27 kB │ gzip:   0.21 kB
dist/assets/send-qJHeXYcG.js                     0.27 kB │ gzip:   0.22 kB
dist/assets/timeline-repository-fPGjvUO7.js      0.30 kB │ gzip:   0.18 kB
dist/assets/Button-BfTfvwbN.js                   0.31 kB │ gzip:   0.24 kB
dist/assets/play-DEFlL0BF.js                     0.33 kB │ gzip:   0.24 kB
dist/assets/film-Ds9DdNMc.js                     0.39 kB │ gzip:   0.23 kB
dist/assets/calendar-days-DqkUcm7r.js            0.48 kB │ gzip:   0.25 kB
dist/assets/wand-sparkles-CUbeb_ZP.js            0.50 kB │ gzip:   0.28 kB
dist/assets/membership-repository-5eCqpRg0.js    1.82 kB │ gzip:   0.81 kB
dist/assets/community-repository-B2Vr6PcK.js     1.94 kB │ gzip:   0.72 kB
dist/assets/PublishedWorkViewPage-DkYk3MXq.js    2.20 kB │ gzip:   1.03 kB
dist/assets/TutorialCenterPage-C5BRfW3P.js       2.22 kB │ gzip:   0.97 kB
dist/assets/PublishedWorksPage-s_k3Z2NB.js       2.58 kB │ gzip:   1.15 kB
dist/assets/ChallengesPage-BpvF8-7m.js           3.32 kB │ gzip:   1.31 kB
dist/assets/TutorialDetailPage-BRcS2wWo.js       3.45 kB │ gzip:   1.28 kB
dist/assets/demo-works-Bpw0w8AZ.js               5.35 kB │ gzip:   2.26 kB
dist/assets/CreationProcessPage-DBJhRvzP.js      5.40 kB │ gzip:   2.32 kB
dist/assets/tutorial-catalog-GbouyWCh.js         5.58 kB │ gzip:   2.59 kB
dist/assets/PreviewPlayer-Cqk7SoDz.js            5.89 kB │ gzip:   2.25 kB
dist/assets/WorkDetailPage-bL9N1Ykf.js           6.01 kB │ gzip:   2.43 kB
dist/assets/MembershipPage-BctUWl8b.js           6.12 kB │ gzip:   2.55 kB
dist/assets/timeline-project-BB2d3HPm.js         6.26 kB │ gzip:   2.14 kB
dist/assets/ChallengeDetailPage-BGD-C20L.js      7.79 kB │ gzip:   2.22 kB
dist/assets/HelpCenterPage-B0dTrA4e.js           7.80 kB │ gzip:   3.56 kB
dist/assets/script-workflow-GwfG_139.js          8.18 kB │ gzip:   3.46 kB
dist/assets/jsx-runtime-Cltr0gcK.js              8.43 kB │ gzip:   3.21 kB
dist/assets/ProjectsPage-CTWsNo8l.js             9.34 kB │ gzip:   3.32 kB
dist/assets/browser-download-1rVQC54R.js        11.82 kB │ gzip:   4.11 kB
dist/assets/AgentsPage-BWvR2xqY.js              14.63 kB │ gzip:   5.58 kB
dist/assets/PreviewPage-29eybaVE.js             17.46 kB │ gzip:   6.46 kB
dist/assets/ProjectLauncherPage-DyNNUELD.js     23.31 kB │ gzip:   7.87 kB
dist/assets/project-store-DCv0XxlN.js           31.66 kB │ gzip:   9.57 kB
dist/assets/builtin-skills-CEVrDigS.js          75.72 kB │ gzip:  25.15 kB
dist/assets/index-ljcLabD7.js                  408.18 kB │ gzip: 132.12 kB
dist/assets/Director3DViewport-C5Laeqds.js     553.98 kB │ gzip: 139.41 kB
dist/assets/CanvasPage-BVBu0Uw3.js             640.75 kB │ gzip: 191.08 kB

✓ built in 283ms
[plugin builtin:vite-reporter]
(!) Some chunks are larger than 500 kB after minification. Consider:
- Using dynamic import() to code-split the application
- Use build.rolldownOptions.output.codeSplitting to improve chunking: https://rolldown.rs/reference/OutputOptions.codeSplitting
- Adjust chunk size limit for this warning via build.chunkSizeWarningLimit.
