
> app@0.0.0 build:mock
> tsc -b && VITE_GENERATION_MODE=mock VITE_SEEDREAM_API_KEY= vite build && node scripts/github-pages-fallback.mjs

vite v8.2.0 building client environment for production...
[2Ktransforming...✓ 2124 modules transformed.
rendering chunks...
computing gzip size...
dist/index.html                                  0.57 kB │ gzip:   0.35 kB
dist/assets/CanvasPage-DLioOiRN.css             15.41 kB │ gzip:   2.56 kB
dist/assets/index-eOCPmwVE.css                 354.27 kB │ gzip:  53.46 kB
dist/assets/chevron-left-C9d5SXST.js             0.11 kB │ gzip:   0.13 kB
dist/assets/arrow-left-CUXMPRyw.js               0.15 kB │ gzip:   0.15 kB
dist/assets/arrow-right-DUFVNisD.js              0.15 kB │ gzip:   0.15 kB
dist/assets/arrow-up-right-DGfrZI_F.js           0.15 kB │ gzip:   0.15 kB
dist/assets/search-D0SpqAqz.js                   0.16 kB │ gzip:   0.16 kB
dist/assets/bookmark-COcCgipz.js                 0.21 kB │ gzip:   0.18 kB
dist/assets/copy-BpHoa0IK.js                     0.22 kB │ gzip:   0.20 kB
dist/assets/users-round-CMu3oHDF.js              0.24 kB │ gzip:   0.21 kB
dist/assets/lock-keyhole-D60BIulX.js             0.24 kB │ gzip:   0.21 kB
dist/assets/eye-CDwrRu3q.js                      0.24 kB │ gzip:   0.19 kB
dist/assets/heart-CbQW5a_l.js                    0.24 kB │ gzip:   0.20 kB
dist/assets/image-CILLlf9s.js                    0.25 kB │ gzip:   0.21 kB
dist/assets/book-open-BFf1dmca.js                0.27 kB │ gzip:   0.21 kB
dist/assets/send-BcTgz1c8.js                     0.27 kB │ gzip:   0.22 kB
dist/assets/timeline-repository-fPGjvUO7.js      0.30 kB │ gzip:   0.18 kB
dist/assets/Button-CuQifdXD.js                   0.31 kB │ gzip:   0.24 kB
dist/assets/play-CrDQup4z.js                     0.33 kB │ gzip:   0.24 kB
dist/assets/film-CkQTxaeA.js                     0.39 kB │ gzip:   0.23 kB
dist/assets/calendar-days-B50p13zN.js            0.48 kB │ gzip:   0.25 kB
dist/assets/wand-sparkles-ChFCu_64.js            0.50 kB │ gzip:   0.28 kB
dist/assets/task-status-B5wD3qhP.js              0.61 kB │ gzip:   0.28 kB
dist/assets/membership-repository-5eCqpRg0.js    1.82 kB │ gzip:   0.81 kB
dist/assets/community-repository-Cy1Z1xl8.js     1.94 kB │ gzip:   0.72 kB
dist/assets/PublishedWorkViewPage-CzO9n0LC.js    2.20 kB │ gzip:   1.03 kB
dist/assets/TutorialCenterPage-CMr_NG_b.js       2.22 kB │ gzip:   0.97 kB
dist/assets/PublishedWorksPage-DqB3GlTa.js       2.58 kB │ gzip:   1.15 kB
dist/assets/ChallengesPage-aDXRYIFg.js           3.32 kB │ gzip:   1.31 kB
dist/assets/TutorialDetailPage-Bi5Tubb5.js       3.45 kB │ gzip:   1.28 kB
dist/assets/demo-works-CudDP0G5.js               5.35 kB │ gzip:   2.26 kB
dist/assets/CreationProcessPage-CbnJhLwx.js      5.40 kB │ gzip:   2.33 kB
dist/assets/tutorial-catalog-GbouyWCh.js         5.58 kB │ gzip:   2.59 kB
dist/assets/PreviewPlayer-Dtn9Oxk4.js            5.90 kB │ gzip:   2.25 kB
dist/assets/WorkDetailPage-6cqQtIaf.js           6.01 kB │ gzip:   2.43 kB
dist/assets/MembershipPage-DLQb-5Mn.js           6.12 kB │ gzip:   2.55 kB
dist/assets/timeline-project-DAFyCR62.js         6.32 kB │ gzip:   2.11 kB
dist/assets/ChallengeDetailPage-Duo2VQrv.js      7.79 kB │ gzip:   2.22 kB
dist/assets/HelpCenterPage-CXqZ3IzP.js           7.80 kB │ gzip:   3.56 kB
dist/assets/jsx-runtime-Cltr0gcK.js              8.43 kB │ gzip:   3.21 kB
dist/assets/ProjectsPage-BBJEfdyw.js             9.34 kB │ gzip:   3.32 kB
dist/assets/timeline-export-5EqNDIzc.js         13.65 kB │ gzip:   4.94 kB
dist/assets/AgentsPage-BCOYplDu.js              14.63 kB │ gzip:   5.58 kB
dist/assets/PreviewPage-B_dnz4EH.js             15.63 kB │ gzip:   5.67 kB
dist/assets/ProjectLauncherPage-BzKkw8wk.js     23.31 kB │ gzip:   7.87 kB
dist/assets/project-store-Dp1nPDy_.js           31.33 kB │ gzip:   9.45 kB
dist/assets/builtin-skills-BUWElN2N.js          73.40 kB │ gzip:  24.25 kB
dist/assets/index-hENNpRa6.js                  405.55 kB │ gzip: 131.27 kB
dist/assets/Director3DViewport-RwNRPSCi.js     553.98 kB │ gzip: 139.41 kB
dist/assets/CanvasPage-DWTiiPHY.js             613.17 kB │ gzip: 182.20 kB

✓ built in 203ms
[plugin builtin:vite-reporter] 
(!) Some chunks are larger than 500 kB after minification. Consider:
- Using dynamic import() to code-split the application
- Use build.rolldownOptions.output.codeSplitting to improve chunking: https://rolldown.rs/reference/OutputOptions.codeSplitting
- Adjust chunk size limit for this warning via build.chunkSizeWarningLimit.
