
> app@0.0.0 build:mock
> tsc -b && VITE_GENERATION_MODE=mock VITE_SEEDREAM_API_KEY= VITE_ARK_TTS_API_KEY= VITE_KLING_API_KEY= VITE_BACKEND_URL= VITE_BACKEND_INVITE_CODE= VITE_CODE_KEY= vite build && node scripts/verify-public-artifact.mjs && node scripts/github-pages-fallback.mjs

vite v8.2.0 building client environment for production...
[2Ktransforming...✓ 2266 modules transformed.
rendering chunks...
computing gzip size...
dist/index.html                                               0.76 kB │ gzip:   0.40 kB
dist/assets/SubjectDetails-D-hXHth1.css                       2.55 kB │ gzip:   0.79 kB
dist/assets/CanvasPage-CBnGzVlA.css                          28.74 kB │ gzip:   5.11 kB
dist/assets/index-wOPWzpu7.css                              367.11 kB │ gzip:  55.50 kB
dist/assets/timeline-math-D1mNsfnL.js                         0.11 kB │ gzip:   0.11 kB
dist/assets/chevron-left-DwULuYCC.js                          0.11 kB │ gzip:   0.13 kB
dist/assets/chevron-right-CmfevyRK.js                         0.11 kB │ gzip:   0.13 kB
dist/assets/arrow-left-DEa4tBLW.js                            0.15 kB │ gzip:   0.15 kB
dist/assets/arrow-right-D6T9ILk5.js                           0.15 kB │ gzip:   0.15 kB
dist/assets/arrow-up-right-BIiT3evL.js                        0.15 kB │ gzip:   0.15 kB
dist/assets/search-D4W7GjIC.js                                0.16 kB │ gzip:   0.16 kB
dist/assets/bookmark-DFoKMrFZ.js                              0.21 kB │ gzip:   0.18 kB
dist/assets/copy-9gvPQKcW.js                                  0.22 kB │ gzip:   0.19 kB
dist/assets/users-round-Cl40hEHS.js                           0.24 kB │ gzip:   0.21 kB
dist/assets/lock-keyhole-Bt3HdxGQ.js                          0.24 kB │ gzip:   0.21 kB
dist/assets/heart-eg7ohuJw.js                                 0.24 kB │ gzip:   0.20 kB
dist/assets/image-C2yaeZ-I.js                                 0.25 kB │ gzip:   0.21 kB
dist/assets/book-open-DH5ldtNF.js                             0.27 kB │ gzip:   0.21 kB
dist/assets/send-46rTncN4.js                                  0.27 kB │ gzip:   0.22 kB
dist/assets/timeline-repository-fPGjvUO7.js                   0.30 kB │ gzip:   0.18 kB
dist/assets/shield-check-qM7kQC2y.js                          0.30 kB │ gzip:   0.24 kB
dist/assets/play-ClyzNioH.js                                  0.33 kB │ gzip:   0.24 kB
dist/assets/Button-0Gxsmh-3.js                                0.35 kB │ gzip:   0.26 kB
dist/assets/film-IcH9dK9Y.js                                  0.39 kB │ gzip:   0.23 kB
dist/assets/browser-download-2yoDFZGm.js                      0.45 kB │ gzip:   0.27 kB
dist/assets/calendar-days-CM-PpYpR.js                         0.48 kB │ gzip:   0.25 kB
dist/assets/wand-sparkles-DIAbcZSy.js                         0.50 kB │ gzip:   0.28 kB
dist/assets/rolldown-runtime-CbXtAM7H.js                      0.58 kB │ gzip:   0.36 kB
dist/assets/SubjectDetailsPage-C5-H6gKa.js                    1.05 kB │ gzip:   0.67 kB
dist/assets/membership-repository-5eCqpRg0.js                 1.82 kB │ gzip:   0.81 kB
dist/assets/TutorialCenterPage-DkN1r5Ui.js                    2.22 kB │ gzip:   0.98 kB
dist/assets/community-repository-CiyO1r94.js                  2.29 kB │ gzip:   0.89 kB
dist/assets/ChallengesPage-0EDMpD7a.js                        3.36 kB │ gzip:   1.33 kB
dist/assets/TutorialDetailPage-Dzy-8lu9.js                    3.45 kB │ gzip:   1.28 kB
dist/assets/CloudLoginPage-BaWiSs6I.js                        3.59 kB │ gzip:   1.44 kB
dist/assets/subject-consistency-D1npA622.js                   3.82 kB │ gzip:   1.73 kB
dist/assets/style-model-B4DY8OvY.js                           3.87 kB │ gzip:   1.74 kB
dist/assets/WorkPortfolioCard-8Rqq0SaP.js                     4.71 kB │ gzip:   2.10 kB
dist/assets/audio-voice-catalog-8DX8087y.js                   5.17 kB │ gzip:   2.31 kB
dist/assets/CreationProcessPage-uHh-ERwf.js                   5.41 kB │ gzip:   2.33 kB
dist/assets/demo-works-Bu4rRDDN.js                            5.43 kB │ gzip:   2.30 kB
dist/assets/tutorial-catalog-BcDWicbK.js                      5.66 kB │ gzip:   2.61 kB
dist/assets/PublishedWorksPage--5qbMjc1.js                    5.70 kB │ gzip:   2.22 kB
dist/assets/generation-errors-DnRfLdhH.js                     5.83 kB │ gzip:   2.54 kB
dist/assets/WorkDetailPage-BhsL1NBd.js                        6.02 kB │ gzip:   2.43 kB
dist/assets/MembershipPage-D1L-23vh.js                        6.17 kB │ gzip:   2.57 kB
dist/assets/cloud-storage-_TuPAC4W.js                         6.70 kB │ gzip:   2.47 kB
dist/assets/PreviewPlayer-CdjE9dmg.js                         6.71 kB │ gzip:   2.74 kB
dist/assets/ChallengeDetailPage-CVdXcsj-.js                   7.79 kB │ gzip:   2.22 kB
dist/assets/jsx-runtime-CIHwb6Jn.js                           7.89 kB │ gzip:   2.99 kB
dist/assets/SubjectDetails-DWXm-5VX.js                        8.36 kB │ gzip:   3.36 kB
dist/assets/PublishedWorkViewPage-D1A38S39.js                 8.89 kB │ gzip:   3.75 kB
dist/assets/HelpCenterPage-DDHZL8gx.js                        9.77 kB │ gzip:   4.41 kB
dist/assets/timeline-project-D9q_Lif6.js                     10.17 kB │ gzip:   3.59 kB
dist/assets/ProjectsPage-1bKeEHoF.js                         10.95 kB │ gzip:   3.93 kB
dist/assets/indexeddb-asset-library-repository-wJpWwh7X.js   11.42 kB │ gzip:   3.94 kB
dist/assets/AgentsPage-C5nlRTP6.js                           14.67 kB │ gzip:   5.60 kB
dist/assets/canvas-workflow-export-g3hOrbR6.js               23.41 kB │ gzip:   9.31 kB
dist/assets/ProjectLauncherPage-CGf5mKso.js                  23.42 kB │ gzip:   7.94 kB
dist/assets/PreviewPage-D1-CrWSN.js                          34.68 kB │ gzip:  12.12 kB
dist/assets/project-store-D3AV6ljA.js                        35.95 kB │ gzip:  10.44 kB
dist/assets/builtin-skills-ByemiwRa.js                       74.46 kB │ gzip:  25.09 kB
dist/assets/src-D8uekRiy.js                                 171.35 kB │ gzip:  42.85 kB
dist/assets/index-B6w1YOn_.js                               415.23 kB │ gzip: 134.58 kB
dist/assets/Director3DViewport-BL9Q4nKk.js                  565.40 kB │ gzip: 143.35 kB
dist/assets/CanvasPage-DpC4oxZ0.js                          689.49 kB │ gzip: 204.86 kB

[plugin builtin:vite-reporter]
(!) Some chunks are larger than 500 kB after minification. Consider:
- Using dynamic import() to code-split the application
- Use build.rolldownOptions.output.codeSplitting to improve chunking: https://rolldown.rs/reference/OutputOptions.codeSplitting
- Adjust chunk size limit for this warning via build.chunkSizeWarningLimit.
✓ built in 803ms
[public-artifact] checked 68 text assets; no sensitive client configuration found
