dist/404.html: OK
dist/assets/AgentsPage-C5nlRTP6.js: OK
dist/assets/Button-0Gxsmh-3.js: OK
dist/assets/CanvasPage-CBnGzVlA.css: OK
dist/assets/CanvasPage-DpC4oxZ0.js: OK
dist/assets/ChallengeDetailPage-CVdXcsj-.js: OK
dist/assets/ChallengesPage-0EDMpD7a.js: OK
dist/assets/CloudLoginPage-BaWiSs6I.js: OK
dist/assets/CreationProcessPage-uHh-ERwf.js: OK
dist/assets/Director3DViewport-BL9Q4nKk.js: OK
dist/assets/HelpCenterPage-DDHZL8gx.js: OK
dist/assets/MembershipPage-D1L-23vh.js: OK
dist/assets/PreviewPage-D1-CrWSN.js: OK
dist/assets/PreviewPlayer-CdjE9dmg.js: OK
dist/assets/ProjectLauncherPage-CGf5mKso.js: OK
dist/assets/ProjectsPage-1bKeEHoF.js: OK
dist/assets/PublishedWorkViewPage-D1A38S39.js: OK
dist/assets/PublishedWorksPage--5qbMjc1.js: OK
dist/assets/SubjectDetails-D-hXHth1.css: OK
dist/assets/SubjectDetails-DWXm-5VX.js: OK
dist/assets/SubjectDetailsPage-C5-H6gKa.js: OK
dist/assets/TutorialCenterPage-DkN1r5Ui.js: OK
dist/assets/TutorialDetailPage-Dzy-8lu9.js: OK
dist/assets/WorkDetailPage-BhsL1NBd.js: OK
dist/assets/WorkPortfolioCard-8Rqq0SaP.js: OK
dist/assets/arrow-left-DEa4tBLW.js: OK
dist/assets/arrow-right-D6T9ILk5.js: OK
dist/assets/arrow-up-right-BIiT3evL.js: OK
dist/assets/audio-voice-catalog-8DX8087y.js: OK
dist/assets/book-open-DH5ldtNF.js: OK
dist/assets/bookmark-DFoKMrFZ.js: OK
dist/assets/browser-download-2yoDFZGm.js: OK
dist/assets/builtin-skills-ByemiwRa.js: OK
dist/assets/calendar-days-CM-PpYpR.js: OK
dist/assets/canvas-workflow-export-g3hOrbR6.js: OK
dist/assets/chevron-left-DwULuYCC.js: OK
dist/assets/chevron-right-CmfevyRK.js: OK
dist/assets/cloud-storage-_TuPAC4W.js: OK
dist/assets/community-repository-CiyO1r94.js: OK
dist/assets/copy-9gvPQKcW.js: OK
dist/assets/demo-works-Bu4rRDDN.js: OK
dist/assets/film-IcH9dK9Y.js: OK
dist/assets/generation-errors-DnRfLdhH.js: OK
dist/assets/heart-eg7ohuJw.js: OK
dist/assets/image-C2yaeZ-I.js: OK
dist/assets/index-B6w1YOn_.js: OK
dist/assets/index-wOPWzpu7.css: OK
dist/assets/indexeddb-asset-library-repository-wJpWwh7X.js: OK
dist/assets/jsx-runtime-CIHwb6Jn.js: OK
dist/assets/lock-keyhole-Bt3HdxGQ.js: OK
dist/assets/membership-repository-5eCqpRg0.js: OK
dist/assets/play-ClyzNioH.js: OK
dist/assets/project-store-D3AV6ljA.js: OK
dist/assets/rolldown-runtime-CbXtAM7H.js: OK
dist/assets/search-D4W7GjIC.js: OK
dist/assets/send-46rTncN4.js: OK
dist/assets/shield-check-qM7kQC2y.js: OK
dist/assets/src-D8uekRiy.js: OK
dist/assets/style-model-B4DY8OvY.js: OK
dist/assets/subject-consistency-D1npA622.js: OK
dist/assets/timeline-math-D1mNsfnL.js: OK
dist/assets/timeline-project-D9q_Lif6.js: OK
dist/assets/timeline-repository-fPGjvUO7.js: OK
dist/assets/tutorial-catalog-BcDWicbK.js: OK
dist/assets/users-round-Cl40hEHS.js: OK
dist/assets/wand-sparkles-DIAbcZSy.js: OK
dist/demo/character-lin-yuan.png: OK
dist/demo/scene-rain-street.png: OK
dist/demo/shot-river.png: OK
dist/demo/shot-rooftop.png: OK
dist/favicon.svg: OK
dist/icons.svg: OK
dist/index.html: OK
