
> app@0.0.0 build:mock
> tsc -b && VITE_GENERATION_MODE=mock VITE_SEEDREAM_API_KEY= vite build && node scripts/github-pages-fallback.mjs

vite v8.2.0 building client environment for production...
[2Ktransforming...✓ 2165 modules transformed.
rendering chunks...
computing gzip size...
dist/index.html                                  0.57 kB │ gzip:   0.35 kB
dist/assets/subject-repository-D-hXHth1.css      2.55 kB │ gzip:   0.79 kB
dist/assets/CanvasPage-sAdejObn.css             26.37 kB │ gzip:   4.73 kB
dist/assets/index-eOCPmwVE.css                 354.27 kB │ gzip:  53.46 kB
dist/assets/timeline-math-D1mNsfnL.js            0.11 kB │ gzip:   0.11 kB
dist/assets/chevron-left-pG7UxeMn.js             0.11 kB │ gzip:   0.13 kB
dist/assets/chevron-right-Dj4Z_Js5.js            0.11 kB │ gzip:   0.13 kB
dist/assets/arrow-left-BRPpKtN4.js               0.15 kB │ gzip:   0.15 kB
dist/assets/arrow-right-B85yBmll.js              0.15 kB │ gzip:   0.15 kB
dist/assets/arrow-up-right-CJY6XeTX.js           0.15 kB │ gzip:   0.15 kB
dist/assets/search-BChYxDYD.js                   0.16 kB │ gzip:   0.16 kB
dist/assets/bookmark-BJbVty-5.js                 0.21 kB │ gzip:   0.18 kB
dist/assets/copy-P1Fulx7w.js                     0.22 kB │ gzip:   0.20 kB
dist/assets/users-round-SCbgdn-e.js              0.24 kB │ gzip:   0.21 kB
dist/assets/lock-keyhole-Ceql4ADv.js             0.24 kB │ gzip:   0.21 kB
dist/assets/eye-yXXFzN5P.js                      0.24 kB │ gzip:   0.19 kB
dist/assets/heart-CUUzRf2i.js                    0.24 kB │ gzip:   0.20 kB
dist/assets/image-DguAOz8X.js                    0.25 kB │ gzip:   0.21 kB
dist/assets/book-open-FN2H_slx.js                0.27 kB │ gzip:   0.21 kB
dist/assets/send-Y2o9u1rd.js                     0.27 kB │ gzip:   0.22 kB
dist/assets/timeline-repository-fPGjvUO7.js      0.30 kB │ gzip:   0.18 kB
dist/assets/Button-BErm9-kK.js                   0.31 kB │ gzip:   0.24 kB
dist/assets/play-Bs-UG1VJ.js                     0.33 kB │ gzip:   0.24 kB
dist/assets/film-Bwx-ksN2.js                     0.39 kB │ gzip:   0.23 kB
dist/assets/calendar-days-Dr-mYlJL.js            0.48 kB │ gzip:   0.25 kB
dist/assets/wand-sparkles-PIOofGNy.js            0.50 kB │ gzip:   0.28 kB
dist/assets/SubjectDetailsPage-C54l2um-.js       1.02 kB │ gzip:   0.65 kB
dist/assets/membership-repository-5eCqpRg0.js    1.82 kB │ gzip:   0.81 kB
dist/assets/community-repository-JuGwEqrh.js     1.94 kB │ gzip:   0.72 kB
dist/assets/PublishedWorkViewPage-DZRqDisb.js    2.20 kB │ gzip:   1.03 kB
dist/assets/TutorialCenterPage-D6JvD8Zn.js       2.22 kB │ gzip:   0.97 kB
dist/assets/PublishedWorksPage-B0hMEfMl.js       2.58 kB │ gzip:   1.15 kB
dist/assets/ChallengesPage-Dm7ACW22.js           3.32 kB │ gzip:   1.31 kB
dist/assets/TutorialDetailPage-Ce37jm31.js       3.45 kB │ gzip:   1.28 kB
dist/assets/subject-consistency-D1npA622.js      3.82 kB │ gzip:   1.73 kB
dist/assets/demo-works-CruG7FDa.js               5.35 kB │ gzip:   2.26 kB
dist/assets/CreationProcessPage-CEcMUfw3.js      5.40 kB │ gzip:   2.33 kB
dist/assets/tutorial-catalog-GbouyWCh.js         5.58 kB │ gzip:   2.59 kB
dist/assets/PreviewPlayer-BbTtR_6R.js            5.89 kB │ gzip:   2.25 kB
dist/assets/WorkDetailPage-B1x4Npdo.js           6.01 kB │ gzip:   2.43 kB
dist/assets/MembershipPage-DtCvxZ7f.js           6.12 kB │ gzip:   2.55 kB
dist/assets/timeline-project-BB2d3HPm.js         6.26 kB │ gzip:   2.14 kB
dist/assets/ChallengeDetailPage-BmxcGJsY.js      7.79 kB │ gzip:   2.22 kB
dist/assets/HelpCenterPage-UCUGkjBM.js           7.80 kB │ gzip:   3.56 kB
dist/assets/subject-repository-BVx-0xn9.js       8.32 kB │ gzip:   3.35 kB
dist/assets/jsx-runtime-Cltr0gcK.js              8.43 kB │ gzip:   3.21 kB
dist/assets/audio-voice-catalog-KRT2RfQn.js      9.01 kB │ gzip:   3.81 kB
dist/assets/ProjectsPage-DS4AN1p0.js             9.34 kB │ gzip:   3.32 kB
dist/assets/browser-download-COvKyzyL.js        11.82 kB │ gzip:   4.11 kB
dist/assets/AgentsPage-DUDOWTqS.js              14.63 kB │ gzip:   5.58 kB
dist/assets/PreviewPage-iyiR35D1.js             17.50 kB │ gzip:   6.47 kB
dist/assets/ProjectLauncherPage-Dx8S7l4h.js     23.35 kB │ gzip:   7.88 kB
dist/assets/project-store-D4hr9uUa.js           35.14 kB │ gzip:  10.30 kB
dist/assets/builtin-skills-DLa5B8av.js          78.53 kB │ gzip:  26.18 kB
dist/assets/index-Ux5HTaom.js                  408.85 kB │ gzip: 132.34 kB
dist/assets/Director3DViewport-l51CwDY4.js     553.98 kB │ gzip: 139.41 kB
dist/assets/CanvasPage-DJNsMdtk.js             673.31 kB │ gzip: 201.31 kB

✓ built in 249ms
[plugin builtin:vite-reporter]
(!) Some chunks are larger than 500 kB after minification. Consider:
- Using dynamic import() to code-split the application
- Use build.rolldownOptions.output.codeSplitting to improve chunking: https://rolldown.rs/reference/OutputOptions.codeSplitting
- Adjust chunk size limit for this warning via build.chunkSizeWarningLimit.
