
> app@0.0.0 build:mock
> tsc -b && VITE_GENERATION_MODE=mock VITE_SEEDREAM_API_KEY= VITE_ARK_TTS_API_KEY= VITE_KLING_API_KEY= VITE_BACKEND_URL= VITE_BACKEND_INVITE_CODE= VITE_CODE_KEY= vite build && node scripts/verify-public-artifact.mjs && node scripts/github-pages-fallback.mjs

vite v8.2.0 building client environment for production...
transforming...✓ 2285 modules transformed.
rendering chunks...
computing gzip size...
dist/index.html                                               0.76 kB │ gzip:   0.40 kB
dist/assets/SubjectDetails-D-hXHth1.css                       2.55 kB │ gzip:   0.79 kB
dist/assets/dubbing-workbench-repository-CdhZx16j.css         6.69 kB │ gzip:   2.09 kB
dist/assets/CanvasPage-CBnGzVlA.css                          28.74 kB │ gzip:   5.11 kB
dist/assets/index-wOPWzpu7.css                              367.11 kB │ gzip:  55.50 kB
dist/assets/timeline-math-D1mNsfnL.js                         0.11 kB │ gzip:   0.11 kB
dist/assets/chevron-left-wmRCZtIr.js                          0.11 kB │ gzip:   0.13 kB
dist/assets/chevron-right-CdYamcrD.js                         0.11 kB │ gzip:   0.13 kB
dist/assets/arrow-left-Bu3_6Wlc.js                            0.15 kB │ gzip:   0.15 kB
dist/assets/arrow-right-Da6OTDTC.js                           0.15 kB │ gzip:   0.15 kB
dist/assets/arrow-up-right-Bg2Aq6_v.js                        0.15 kB │ gzip:   0.15 kB
dist/assets/search-C3UpBZQl.js                                0.16 kB │ gzip:   0.16 kB
dist/assets/bookmark-B3z28Kj2.js                              0.21 kB │ gzip:   0.18 kB
dist/assets/copy-Bjp_NXph.js                                  0.22 kB │ gzip:   0.19 kB
dist/assets/users-round-BNidAFpO.js                           0.24 kB │ gzip:   0.21 kB
dist/assets/lock-keyhole-BEyCV4vi.js                          0.24 kB │ gzip:   0.21 kB
dist/assets/heart-DHFlT44y.js                                 0.24 kB │ gzip:   0.20 kB
dist/assets/image-VgS84Uta.js                                 0.25 kB │ gzip:   0.21 kB
dist/assets/book-open-EsZ9t9Ps.js                             0.27 kB │ gzip:   0.21 kB
dist/assets/send-B2FAonNy.js                                  0.27 kB │ gzip:   0.22 kB
dist/assets/timeline-repository-fPGjvUO7.js                   0.30 kB │ gzip:   0.18 kB
dist/assets/shield-check-DlhmTnez.js                          0.30 kB │ gzip:   0.23 kB
dist/assets/play-Covv5NLW.js                                  0.33 kB │ gzip:   0.24 kB
dist/assets/Button-Cf_7TumK.js                                0.35 kB │ gzip:   0.26 kB
dist/assets/film-CLHgdp4g.js                                  0.39 kB │ gzip:   0.23 kB
dist/assets/browser-download-2yoDFZGm.js                      0.45 kB │ gzip:   0.27 kB
dist/assets/calendar-days-Bxo1WkFQ.js                         0.48 kB │ gzip:   0.25 kB
dist/assets/wand-sparkles-icdTCeAY.js                         0.50 kB │ gzip:   0.28 kB
dist/assets/rolldown-runtime-CbXtAM7H.js                      0.58 kB │ gzip:   0.36 kB
dist/assets/SubjectDetailsPage-ClbUB355.js                    1.06 kB │ gzip:   0.67 kB
dist/assets/ConfirmDialog-C1ce3fdM.js                         1.20 kB │ gzip:   0.67 kB
dist/assets/membership-repository-5eCqpRg0.js                 1.82 kB │ gzip:   0.81 kB
dist/assets/TutorialCenterPage-CYLogsqZ.js                    2.22 kB │ gzip:   0.97 kB
dist/assets/community-repository-GnJo-e2j.js                  2.29 kB │ gzip:   0.89 kB
dist/assets/ChallengesPage-CYf5-Wre.js                        3.36 kB │ gzip:   1.33 kB
dist/assets/TutorialDetailPage-Cz24jkPG.js                    3.45 kB │ gzip:   1.28 kB
dist/assets/CloudLoginPage-BJ1U5Qwq.js                        3.59 kB │ gzip:   1.44 kB
dist/assets/subject-consistency-D1npA622.js                   3.82 kB │ gzip:   1.73 kB
dist/assets/style-model-C-EJpPmz.js                           3.87 kB │ gzip:   1.74 kB
dist/assets/WorkPortfolioCard-D7Zcpn9d.js                     4.71 kB │ gzip:   2.10 kB
dist/assets/audio-voice-catalog-Bj5UJC_l.js                   5.17 kB │ gzip:   2.31 kB
dist/assets/CreationProcessPage-BgSA9Vp0.js                   5.41 kB │ gzip:   2.33 kB
dist/assets/demo-works-5OP-dhOu.js                            5.43 kB │ gzip:   2.30 kB
dist/assets/tutorial-catalog-BcDWicbK.js                      5.66 kB │ gzip:   2.61 kB
dist/assets/PublishedWorksPage-BDfn9zo0.js                    5.70 kB │ gzip:   2.22 kB
dist/assets/generation-errors-DnRfLdhH.js                     5.83 kB │ gzip:   2.54 kB
dist/assets/WorkDetailPage-D_AlP8KF.js                        6.02 kB │ gzip:   2.43 kB
dist/assets/MembershipPage-D4tI09YX.js                        6.17 kB │ gzip:   2.57 kB
dist/assets/cloud-storage-_TuPAC4W.js                         6.70 kB │ gzip:   2.47 kB
dist/assets/PreviewPlayer-BpPDoqqr.js                         6.71 kB │ gzip:   2.74 kB
dist/assets/SubjectDetails-BzybIA1k.js                        7.37 kB │ gzip:   2.94 kB
dist/assets/ChallengeDetailPage-CsmXDaeM.js                   7.79 kB │ gzip:   2.22 kB
dist/assets/jsx-runtime-CIHwb6Jn.js                           7.89 kB │ gzip:   2.99 kB
dist/assets/PublishedWorkViewPage-DQwAALNA.js                 8.89 kB │ gzip:   3.75 kB
dist/assets/HelpCenterPage-BbTKf4jp.js                        9.77 kB │ gzip:   4.41 kB
dist/assets/timeline-project-D9q_Lif6.js                     10.17 kB │ gzip:   3.59 kB
dist/assets/ProjectsPage-fBKRKBUS.js                         11.06 kB │ gzip:   3.95 kB
dist/assets/indexeddb-asset-library-repository-D-Y3R9Fy.js   11.42 kB │ gzip:   3.94 kB
dist/assets/AgentsPage-C-PhVmNc.js                           14.67 kB │ gzip:   5.60 kB
dist/assets/canvas-workflow-export-xLWRLYpm.js               23.41 kB │ gzip:   9.31 kB
dist/assets/ProjectLauncherPage-DALbp6sw.js                  23.42 kB │ gzip:   7.94 kB
dist/assets/DubbingWorkbenchPage-Cv04rl-I.js                 31.81 kB │ gzip:   9.65 kB
dist/assets/dubbing-workbench-repository-z7pUwhVO.js         33.41 kB │ gzip:  13.21 kB
dist/assets/PreviewPage-DYC6Zol_.js                          34.68 kB │ gzip:  12.12 kB
dist/assets/project-store-W79WCb-W.js                        35.95 kB │ gzip:  10.44 kB
dist/assets/builtin-skills-CtZEbE5e.js                       74.46 kB │ gzip:  25.09 kB
dist/assets/src-D8uekRiy.js                                 171.35 kB │ gzip:  42.85 kB
dist/assets/index-CZvZiKny.js                               415.62 kB │ gzip: 134.72 kB
dist/assets/Director3DViewport-BbeMHHVQ.js                  565.40 kB │ gzip: 143.35 kB
dist/assets/CanvasPage-ieui8VCg.js                          695.35 kB │ gzip: 206.85 kB

[plugin builtin:vite-reporter]
(!) Some chunks are larger than 500 kB after minification. Consider:
- Using dynamic import() to code-split the application
- Use build.rolldownOptions.output.codeSplitting to improve chunking: https://rolldown.rs/reference/OutputOptions.codeSplitting
- Adjust chunk size limit for this warning via build.chunkSizeWarningLimit.
✓ built in 755ms
[public-artifact] checked 72 text assets; no sensitive client configuration found
