
> app@0.0.0 build:mock
> tsc -b && VITE_GENERATION_MODE=mock VITE_SEEDREAM_API_KEY= vite build && node scripts/github-pages-fallback.mjs

vite v8.2.0 building client environment for production...
[2Ktransforming...✓ 2257 modules transformed.
rendering chunks...
computing gzip size...
dist/index.html                                               0.66 kB │ gzip:   0.37 kB
dist/assets/SubjectDetails-D-hXHth1.css                       2.55 kB │ gzip:   0.79 kB
dist/assets/CanvasPage-CBnGzVlA.css                          28.74 kB │ gzip:   5.11 kB
dist/assets/index-Ci_OPcAt.css                              361.64 kB │ gzip:  54.53 kB
dist/assets/timeline-math-D1mNsfnL.js                         0.11 kB │ gzip:   0.11 kB
dist/assets/chevron-left-olJLaFBS.js                          0.11 kB │ gzip:   0.13 kB
dist/assets/chevron-right-CnkyzXKO.js                         0.11 kB │ gzip:   0.13 kB
dist/assets/arrow-left-BCAw86OC.js                            0.15 kB │ gzip:   0.15 kB
dist/assets/arrow-right-DlF77JoU.js                           0.15 kB │ gzip:   0.15 kB
dist/assets/arrow-up-right-BE7myjYa.js                        0.15 kB │ gzip:   0.14 kB
dist/assets/search-CjwnO3C6.js                                0.16 kB │ gzip:   0.16 kB
dist/assets/bookmark-DtKPqG0O.js                              0.21 kB │ gzip:   0.18 kB
dist/assets/copy-ZyaKCBLi.js                                  0.22 kB │ gzip:   0.19 kB
dist/assets/users-round-C-I9rcNq.js                           0.24 kB │ gzip:   0.21 kB
dist/assets/lock-keyhole-CBDrxnjw.js                          0.24 kB │ gzip:   0.21 kB
dist/assets/heart-g_TVdHz1.js                                 0.24 kB │ gzip:   0.20 kB
dist/assets/image-BtbgGWsA.js                                 0.25 kB │ gzip:   0.21 kB
dist/assets/book-open-BuThlbGN.js                             0.27 kB │ gzip:   0.21 kB
dist/assets/send-DSV6xi_7.js                                  0.27 kB │ gzip:   0.22 kB
dist/assets/timeline-repository-fPGjvUO7.js                   0.30 kB │ gzip:   0.18 kB
dist/assets/play-DBVVZvtm.js                                  0.33 kB │ gzip:   0.24 kB
dist/assets/Button-B0AQ7jwc.js                                0.35 kB │ gzip:   0.26 kB
dist/assets/film-B8DZOaa8.js                                  0.39 kB │ gzip:   0.23 kB
dist/assets/browser-download-2yoDFZGm.js                      0.45 kB │ gzip:   0.27 kB
dist/assets/calendar-days-T1h7Iawg.js                         0.48 kB │ gzip:   0.25 kB
dist/assets/wand-sparkles-_fwSerwu.js                         0.50 kB │ gzip:   0.28 kB
dist/assets/rolldown-runtime-CbXtAM7H.js                      0.58 kB │ gzip:   0.36 kB
dist/assets/SubjectDetailsPage-CT5WeHdH.js                    1.05 kB │ gzip:   0.67 kB
dist/assets/membership-repository-5eCqpRg0.js                 1.82 kB │ gzip:   0.81 kB
dist/assets/TutorialCenterPage-BdQKZrI4.js                    2.22 kB │ gzip:   0.97 kB
dist/assets/community-repository-BH7U9tp8.js                  2.29 kB │ gzip:   0.89 kB
dist/assets/ChallengesPage-ts-1R7QR.js                        3.36 kB │ gzip:   1.33 kB
dist/assets/TutorialDetailPage-B9gCHLHH.js                    3.45 kB │ gzip:   1.28 kB
dist/assets/subject-consistency-D1npA622.js                   3.82 kB │ gzip:   1.73 kB
dist/assets/style-model-CMvaWScx.js                           3.87 kB │ gzip:   1.74 kB
dist/assets/WorkPortfolioCard-Bcjbf7bN.js                     4.71 kB │ gzip:   2.10 kB
dist/assets/audio-voice-catalog-DoePm2hQ.js                   5.17 kB │ gzip:   2.31 kB
dist/assets/CreationProcessPage-Mup6sVaJ.js                   5.42 kB │ gzip:   2.33 kB
dist/assets/demo-works-ZUy0gcpR.js                            5.44 kB │ gzip:   2.30 kB
dist/assets/tutorial-catalog-GbouyWCh.js                      5.58 kB │ gzip:   2.59 kB
dist/assets/PublishedWorksPage-BJIrTrWE.js                    5.70 kB │ gzip:   2.22 kB
dist/assets/generation-errors-DnRfLdhH.js                     5.83 kB │ gzip:   2.54 kB
dist/assets/WorkDetailPage-DR9Z-6kT.js                        6.02 kB │ gzip:   2.43 kB
dist/assets/MembershipPage-CyjyALdC.js                        6.17 kB │ gzip:   2.57 kB
dist/assets/PreviewPlayer-CtVecV2M.js                         6.71 kB │ gzip:   2.74 kB
dist/assets/ChallengeDetailPage-CXxxS8CR.js                   7.79 kB │ gzip:   2.22 kB
dist/assets/jsx-runtime-CIHwb6Jn.js                           7.89 kB │ gzip:   2.99 kB
dist/assets/SubjectDetails-C75t4HD1.js                        8.36 kB │ gzip:   3.36 kB
dist/assets/PublishedWorkViewPage-CkHKlO23.js                 8.89 kB │ gzip:   3.76 kB
dist/assets/ProjectsPage-P5HaQEPz.js                          9.38 kB │ gzip:   3.34 kB
dist/assets/HelpCenterPage-DwHzk1QX.js                        9.65 kB │ gzip:   4.35 kB
dist/assets/timeline-project-D9q_Lif6.js                     10.17 kB │ gzip:   3.59 kB
dist/assets/indexeddb-asset-library-repository-DpYzDllh.js   11.42 kB │ gzip:   3.94 kB
dist/assets/AgentsPage-CxK02XhW.js                           14.67 kB │ gzip:   5.60 kB
dist/assets/ProjectLauncherPage-0n93wmql.js                  23.36 kB │ gzip:   7.89 kB
dist/assets/canvas-workflow-export-GDQ8PBg-.js               23.41 kB │ gzip:   9.31 kB
dist/assets/PreviewPage-Br05Efld.js                          34.69 kB │ gzip:  12.13 kB
dist/assets/project-store-DDRyfd08.js                        35.22 kB │ gzip:  10.34 kB
dist/assets/builtin-skills-DtiToI8o.js                       72.80 kB │ gzip:  24.30 kB
dist/assets/src-D8uekRiy.js                                 171.35 kB │ gzip:  42.85 kB
dist/assets/index-B7vgPBgP.js                               409.33 kB │ gzip: 132.53 kB
dist/assets/Director3DViewport-C6uTv48Q.js                  565.40 kB │ gzip: 143.35 kB
dist/assets/CanvasPage-CW6iosRE.js                          684.68 kB │ gzip: 202.95 kB

✓ built in 303ms
[plugin builtin:vite-reporter]
(!) Some chunks are larger than 500 kB after minification. Consider:
- Using dynamic import() to code-split the application
- Use build.rolldownOptions.output.codeSplitting to improve chunking: https://rolldown.rs/reference/OutputOptions.codeSplitting
- Adjust chunk size limit for this warning via build.chunkSizeWarningLimit.
