
> app@0.0.0 build:mock
> tsc -b && VITE_GENERATION_MODE=mock VITE_SEEDREAM_API_KEY= vite build && node scripts/github-pages-fallback.mjs

vite v8.2.0 building client environment for production...
[2Ktransforming...✓ 2133 modules transformed.
rendering chunks...
computing gzip size...
dist/index.html                                  0.57 kB │ gzip:   0.35 kB
dist/assets/CanvasPage-DLioOiRN.css             15.41 kB │ gzip:   2.56 kB
dist/assets/index-eOCPmwVE.css                 354.27 kB │ gzip:  53.46 kB
dist/assets/timeline-math-D1mNsfnL.js            0.11 kB │ gzip:   0.11 kB
dist/assets/chevron-left-mWCWCiVZ.js             0.11 kB │ gzip:   0.13 kB
dist/assets/arrow-left-Bw2SEQmB.js               0.15 kB │ gzip:   0.15 kB
dist/assets/arrow-right-BycdDz1N.js              0.15 kB │ gzip:   0.15 kB
dist/assets/arrow-up-right-Dc6w-UWR.js           0.15 kB │ gzip:   0.15 kB
dist/assets/search-DeLJiXVW.js                   0.16 kB │ gzip:   0.16 kB
dist/assets/bookmark-CPWkWpeN.js                 0.21 kB │ gzip:   0.18 kB
dist/assets/copy-DdZgkrFY.js                     0.22 kB │ gzip:   0.19 kB
dist/assets/users-round-CpTBcvC1.js              0.24 kB │ gzip:   0.21 kB
dist/assets/lock-keyhole-6evuLCrK.js             0.24 kB │ gzip:   0.21 kB
dist/assets/eye-tteRPjRW.js                      0.24 kB │ gzip:   0.19 kB
dist/assets/heart-B6AAsH9j.js                    0.24 kB │ gzip:   0.20 kB
dist/assets/image-XGajfaxF.js                    0.25 kB │ gzip:   0.21 kB
dist/assets/book-open-FsEvNQ-F.js                0.27 kB │ gzip:   0.21 kB
dist/assets/send-DAsbE5nM.js                     0.27 kB │ gzip:   0.22 kB
dist/assets/timeline-repository-fPGjvUO7.js      0.30 kB │ gzip:   0.18 kB
dist/assets/Button-DYvfa7fK.js                   0.31 kB │ gzip:   0.24 kB
dist/assets/play-B35GvCfE.js                     0.33 kB │ gzip:   0.24 kB
dist/assets/film-L98Dg5cY.js                     0.39 kB │ gzip:   0.23 kB
dist/assets/calendar-days-RJeFF5Fq.js            0.48 kB │ gzip:   0.25 kB
dist/assets/wand-sparkles-BPYkJaGn.js            0.50 kB │ gzip:   0.28 kB
dist/assets/task-status-B5wD3qhP.js              0.61 kB │ gzip:   0.28 kB
dist/assets/membership-repository-5eCqpRg0.js    1.82 kB │ gzip:   0.81 kB
dist/assets/community-repository-M0riCxtS.js     1.94 kB │ gzip:   0.72 kB
dist/assets/PublishedWorkViewPage-DVnNRr3j.js    2.20 kB │ gzip:   1.03 kB
dist/assets/TutorialCenterPage-BFTHkIxx.js       2.22 kB │ gzip:   0.97 kB
dist/assets/PublishedWorksPage-MW4YCe5j.js       2.58 kB │ gzip:   1.15 kB
dist/assets/ChallengesPage-DLAQRQSi.js           3.32 kB │ gzip:   1.31 kB
dist/assets/TutorialDetailPage-C5uckFf4.js       3.45 kB │ gzip:   1.28 kB
dist/assets/demo-works-DzJEIe3j.js               5.35 kB │ gzip:   2.26 kB
dist/assets/CreationProcessPage-DU_uiItB.js      5.40 kB │ gzip:   2.32 kB
dist/assets/tutorial-catalog-GbouyWCh.js         5.58 kB │ gzip:   2.59 kB
dist/assets/PreviewPlayer-DukI5Fs_.js            5.89 kB │ gzip:   2.25 kB
dist/assets/WorkDetailPage-BC5R2fms.js           6.01 kB │ gzip:   2.42 kB
dist/assets/MembershipPage-Cvnf02RB.js           6.12 kB │ gzip:   2.55 kB
dist/assets/timeline-project-BB2d3HPm.js         6.26 kB │ gzip:   2.14 kB
dist/assets/ChallengeDetailPage-DPaVGjS_.js      7.79 kB │ gzip:   2.22 kB
dist/assets/HelpCenterPage-DxLI1qUL.js           7.80 kB │ gzip:   3.55 kB
dist/assets/jsx-runtime-Cltr0gcK.js              8.43 kB │ gzip:   3.21 kB
dist/assets/ProjectsPage-OQ5rmTmT.js             9.34 kB │ gzip:   3.32 kB
dist/assets/browser-download-CUBIZJvs.js        11.82 kB │ gzip:   4.11 kB
dist/assets/AgentsPage-BhQ8EuTt.js              14.63 kB │ gzip:   5.58 kB
dist/assets/PreviewPage-C57sbf5O.js             17.46 kB │ gzip:   6.46 kB
dist/assets/ProjectLauncherPage-DaimHW1G.js     23.31 kB │ gzip:   7.88 kB
dist/assets/project-store-DbVmqR4H.js           31.33 kB │ gzip:   9.45 kB
dist/assets/builtin-skills-DB9IpcRD.js          73.39 kB │ gzip:  24.25 kB
dist/assets/index-Ccp-WKhd.js                  405.57 kB │ gzip: 131.33 kB
dist/assets/Director3DViewport-Czi785YD.js     553.98 kB │ gzip: 139.41 kB
dist/assets/CanvasPage-D-2T_Mdh.js             613.48 kB │ gzip: 182.38 kB

✓ built in 265ms
[plugin builtin:vite-reporter] 
(!) Some chunks are larger than 500 kB after minification. Consider:
- Using dynamic import() to code-split the application
- Use build.rolldownOptions.output.codeSplitting to improve chunking: https://rolldown.rs/reference/OutputOptions.codeSplitting
- Adjust chunk size limit for this warning via build.chunkSizeWarningLimit.
