
> app@0.0.0 build:mock
> tsc -b && VITE_GENERATION_MODE=mock VITE_SEEDREAM_API_KEY= vite build && node scripts/github-pages-fallback.mjs

vite v8.2.0 building client environment for production...
[2Ktransforming...✓ 2110 modules transformed.
rendering chunks...
computing gzip size...
dist/index.html                                  0.57 kB │ gzip:   0.35 kB
dist/assets/CanvasPage-DLioOiRN.css             15.41 kB │ gzip:   2.56 kB
dist/assets/index-eOCPmwVE.css                 354.27 kB │ gzip:  53.46 kB
dist/assets/chevron-left-STMQBaRG.js             0.11 kB │ gzip:   0.13 kB
dist/assets/arrow-left-82OlTbsi.js               0.15 kB │ gzip:   0.15 kB
dist/assets/arrow-right-DknE1BvE.js              0.15 kB │ gzip:   0.15 kB
dist/assets/arrow-up-right-Clf3Sdg4.js           0.15 kB │ gzip:   0.14 kB
dist/assets/search-CP6I0zaC.js                   0.16 kB │ gzip:   0.15 kB
dist/assets/bookmark-BSaAmbBM.js                 0.21 kB │ gzip:   0.18 kB
dist/assets/copy-DciS6MFZ.js                     0.22 kB │ gzip:   0.19 kB
dist/assets/users-round-Btr3Ab2U.js              0.24 kB │ gzip:   0.20 kB
dist/assets/lock-keyhole-CjO_8PDP.js             0.24 kB │ gzip:   0.21 kB
dist/assets/eye-CkWxp0Al.js                      0.24 kB │ gzip:   0.19 kB
dist/assets/heart-BpQMf13B.js                    0.24 kB │ gzip:   0.20 kB
dist/assets/image-DdnBq3y_.js                    0.25 kB │ gzip:   0.21 kB
dist/assets/book-open-9jbVtrc0.js                0.27 kB │ gzip:   0.21 kB
dist/assets/send-BlB-0D3p.js                     0.27 kB │ gzip:   0.21 kB
dist/assets/timeline-repository-fPGjvUO7.js      0.30 kB │ gzip:   0.18 kB
dist/assets/Button-g6nN-fvO.js                   0.31 kB │ gzip:   0.24 kB
dist/assets/play-BNlYL7w7.js                     0.33 kB │ gzip:   0.24 kB
dist/assets/film-DH6hoARl.js                     0.39 kB │ gzip:   0.23 kB
dist/assets/calendar-days-JOia_4NO.js            0.48 kB │ gzip:   0.25 kB
dist/assets/wand-sparkles-Bx4eRBJa.js            0.50 kB │ gzip:   0.28 kB
dist/assets/membership-repository-5eCqpRg0.js    1.82 kB │ gzip:   0.81 kB
dist/assets/community-repository--8UZBHAA.js     1.94 kB │ gzip:   0.72 kB
dist/assets/PublishedWorkViewPage-kPI2ydoK.js    2.20 kB │ gzip:   1.03 kB
dist/assets/TutorialCenterPage-DLFnTHFr.js       2.22 kB │ gzip:   0.97 kB
dist/assets/PublishedWorksPage-DaasvMTf.js       2.58 kB │ gzip:   1.15 kB
dist/assets/ChallengesPage-BsY2OJIw.js           3.32 kB │ gzip:   1.31 kB
dist/assets/TutorialDetailPage-t9yYPZPf.js       3.45 kB │ gzip:   1.28 kB
dist/assets/demo-works-C5gDphws.js               5.35 kB │ gzip:   2.26 kB
dist/assets/CreationProcessPage-q9fzYK44.js      5.40 kB │ gzip:   2.33 kB
dist/assets/tutorial-catalog-GbouyWCh.js         5.58 kB │ gzip:   2.59 kB
dist/assets/PreviewPlayer-BPlP_093.js            5.90 kB │ gzip:   2.25 kB
dist/assets/WorkDetailPage-CFUMXNpk.js           6.01 kB │ gzip:   2.43 kB
dist/assets/MembershipPage-DmWmvfFe.js           6.13 kB │ gzip:   2.56 kB
dist/assets/timeline-project-DAFyCR62.js         6.32 kB │ gzip:   2.11 kB
dist/assets/ChallengeDetailPage-BdMw_p8x.js      7.79 kB │ gzip:   2.22 kB
dist/assets/HelpCenterPage-AqhbYF-B.js           7.80 kB │ gzip:   3.56 kB
dist/assets/jsx-runtime-Cltr0gcK.js              8.43 kB │ gzip:   3.21 kB
dist/assets/ProjectsPage-tZFW7e08.js             9.34 kB │ gzip:   3.32 kB
dist/assets/timeline-export-CnVuj2Hw.js         14.17 kB │ gzip:   5.09 kB
dist/assets/AgentsPage-Bd_MkXkD.js              14.63 kB │ gzip:   5.59 kB
dist/assets/PreviewPage-r4XNiZnv.js             15.63 kB │ gzip:   5.67 kB
dist/assets/ProjectLauncherPage-C_Znnx1g.js     23.31 kB │ gzip:   7.88 kB
dist/assets/project-store-BKW9_-RW.js           31.34 kB │ gzip:   9.44 kB
dist/assets/builtin-skills-CvIPIG64.js          71.79 kB │ gzip:  23.24 kB
dist/assets/index-Dy0aY-jx.js                  405.07 kB │ gzip: 131.10 kB
dist/assets/Director3DViewport-C20V9zdZ.js     553.98 kB │ gzip: 139.41 kB
dist/assets/CanvasPage-DxZeY0n8.js             612.67 kB │ gzip: 180.97 kB

✓ built in 279ms
[plugin builtin:vite-reporter] 
(!) Some chunks are larger than 500 kB after minification. Consider:
- Using dynamic import() to code-split the application
- Use build.rolldownOptions.output.codeSplitting to improve chunking: https://rolldown.rs/reference/OutputOptions.codeSplitting
- Adjust chunk size limit for this warning via build.chunkSizeWarningLimit.
